Archive member included because of file (symbol)

c:/program files (x86)/raisonance/ride/arm-gcc/bin/../lib/gcc/arm-none-eabi/4.5.1/../../../../arm-none-eabi/lib/thumb2\libc.a(lib_a-rand.o)
                              C:\Users\TOM\Desktop\SpaceInvaders\objdebug\Application.o (rand)
c:/program files (x86)/raisonance/ride/arm-gcc/bin/../lib/gcc/arm-none-eabi/4.5.1/../../../../arm-none-eabi/lib/thumb2\libc.a(lib_a-strcmp.o)
                              C:\Users\TOM\Desktop\SpaceInvaders\objdebug\Application.o (strcmp)
c:/program files (x86)/raisonance/ride/arm-gcc/bin/../lib/gcc/arm-none-eabi/4.5.1/../../../../arm-none-eabi/lib/thumb2\libc.a(lib_a-impure.o)
                              c:/program files (x86)/raisonance/ride/arm-gcc/bin/../lib/gcc/arm-none-eabi/4.5.1/../../../../arm-none-eabi/lib/thumb2\libc.a(lib_a-rand.o) (_impure_ptr)
c:/program files (x86)/raisonance/ride/arm-gcc/bin/../lib/gcc/arm-none-eabi/4.5.1/../../../../arm-none-eabi/lib/thumb2\libc.a(lib_a-malloc.o)
                              c:/program files (x86)/raisonance/ride/arm-gcc/bin/../lib/gcc/arm-none-eabi/4.5.1/../../../../arm-none-eabi/lib/thumb2\libc.a(lib_a-rand.o) (malloc)
c:/program files (x86)/raisonance/ride/arm-gcc/bin/../lib/gcc/arm-none-eabi/4.5.1/../../../../arm-none-eabi/lib/thumb2\libc.a(lib_a-mallocr.o)
                              c:/program files (x86)/raisonance/ride/arm-gcc/bin/../lib/gcc/arm-none-eabi/4.5.1/../../../../arm-none-eabi/lib/thumb2\libc.a(lib_a-malloc.o) (_malloc_r)
c:/program files (x86)/raisonance/ride/arm-gcc/bin/../lib/gcc/arm-none-eabi/4.5.1/../../../../arm-none-eabi/lib/thumb2\libc.a(lib_a-mlock.o)
                              c:/program files (x86)/raisonance/ride/arm-gcc/bin/../lib/gcc/arm-none-eabi/4.5.1/../../../../arm-none-eabi/lib/thumb2\libc.a(lib_a-mallocr.o) (__malloc_lock)
c:/program files (x86)/raisonance/ride/arm-gcc/bin/../lib/gcc/arm-none-eabi/4.5.1/../../../../arm-none-eabi/lib/thumb2\libc.a(lib_a-sbrkr.o)
                              c:/program files (x86)/raisonance/ride/arm-gcc/bin/../lib/gcc/arm-none-eabi/4.5.1/../../../../arm-none-eabi/lib/thumb2\libc.a(lib_a-mallocr.o) (_sbrk_r)
c:/program files (x86)/raisonance/ride/arm-gcc/bin/../lib/gcc/arm-none-eabi/4.5.1/../../../../arm-none-eabi/lib/thumb2\libc.a(lib_a-freer.o)
                              c:/program files (x86)/raisonance/ride/arm-gcc/bin/../lib/gcc/arm-none-eabi/4.5.1/../../../../arm-none-eabi/lib/thumb2\libc.a(lib_a-malloc.o) (_free_r)
c:/program files (x86)/raisonance/ride/arm-gcc/bin/../lib/gcc/arm-none-eabi/4.5.1/../../../../arm-none-eabi/lib/thumb2\libc.a(lib_a-reent.o)
                              c:/program files (x86)/raisonance/ride/arm-gcc/bin/../lib/gcc/arm-none-eabi/4.5.1/../../../../arm-none-eabi/lib/thumb2\libc.a(lib_a-sbrkr.o) (errno)
C:\Program Files (x86)\Raisonance\Ride\Lib\ARM\std_sbrk_thumb.lib(sbrk.o)
                              c:/program files (x86)/raisonance/ride/arm-gcc/bin/../lib/gcc/arm-none-eabi/4.5.1/../../../../arm-none-eabi/lib/thumb2\libc.a(lib_a-sbrkr.o) (_sbrk)
c:/program files (x86)/raisonance/ride/arm-gcc/bin/../lib/gcc/arm-none-eabi/4.5.1/thumb2\libgcc.a(_arm_addsubdf3.o)
                              C:\Users\TOM\Desktop\SpaceInvaders\objdebug\Application.o (__aeabi_dsub)
c:/program files (x86)/raisonance/ride/arm-gcc/bin/../lib/gcc/arm-none-eabi/4.5.1/thumb2\libgcc.a(_arm_muldivdf3.o)
                              C:\Users\TOM\Desktop\SpaceInvaders\objdebug\Application.o (__aeabi_dmul)
c:/program files (x86)/raisonance/ride/arm-gcc/bin/../lib/gcc/arm-none-eabi/4.5.1/thumb2\libgcc.a(_arm_fixdfsi.o)
                              C:\Users\TOM\Desktop\SpaceInvaders\objdebug\Application.o (__aeabi_d2iz)

Allocating common symbols
Common symbol       size              file

errno               0x4               c:/program files (x86)/raisonance/ride/arm-gcc/bin/../lib/gcc/arm-none-eabi/4.5.1/../../../../arm-none-eabi/lib/thumb2\libc.a(lib_a-reent.o)
Initial_MEMS_X      0x2               C:\Users\TOM\Desktop\SpaceInvaders\objdebug\Application.o
state               0x2               C:\Users\TOM\Desktop\SpaceInvaders\objdebug\Application.o
score_str           0x3               C:\Users\TOM\Desktop\SpaceInvaders\objdebug\Application.o
centre_coord_bullet_x
                    0x2               C:\Users\TOM\Desktop\SpaceInvaders\objdebug\Application.o
centre_coord_alien_x
                    0x2               C:\Users\TOM\Desktop\SpaceInvaders\objdebug\Application.o
man_speed           0x2               C:\Users\TOM\Desktop\SpaceInvaders\objdebug\Application.o
score_str2          0x4               C:\Users\TOM\Desktop\SpaceInvaders\objdebug\Application.o
centre_coord_bullet_y
                    0x2               C:\Users\TOM\Desktop\SpaceInvaders\objdebug\Application.o
centre_coord_alien_y
                    0x2               C:\Users\TOM\Desktop\SpaceInvaders\objdebug\Application.o
ptrCircle_API       0x4               C:\Program Files (x86)\Raisonance\Ride\Lib\ARM\CircleOS\Application_Startup.o

Discarded input sections

 .ARM.attributes
                0x00000000       0x29 c:/program files (x86)/raisonance/ride/arm-gcc/bin/../lib/gcc/arm-none-eabi/4.5.1/../../../../arm-none-eabi/lib/thumb2\libc.a(lib_a-rand.o)
 .debug_frame   0x00000000       0x48 c:/program files (x86)/raisonance/ride/arm-gcc/bin/../lib/gcc/arm-none-eabi/4.5.1/../../../../arm-none-eabi/lib/thumb2\libc.a(lib_a-rand.o)
 .ARM.attributes
                0x00000000       0x29 c:/program files (x86)/raisonance/ride/arm-gcc/bin/../lib/gcc/arm-none-eabi/4.5.1/../../../../arm-none-eabi/lib/thumb2\libc.a(lib_a-strcmp.o)
 .debug_frame   0x00000000       0x30 c:/program files (x86)/raisonance/ride/arm-gcc/bin/../lib/gcc/arm-none-eabi/4.5.1/../../../../arm-none-eabi/lib/thumb2\libc.a(lib_a-strcmp.o)
 .ARM.attributes
                0x00000000       0x29 c:/program files (x86)/raisonance/ride/arm-gcc/bin/../lib/gcc/arm-none-eabi/4.5.1/../../../../arm-none-eabi/lib/thumb2\libc.a(lib_a-impure.o)
 .ARM.attributes
                0x00000000       0x29 c:/program files (x86)/raisonance/ride/arm-gcc/bin/../lib/gcc/arm-none-eabi/4.5.1/../../../../arm-none-eabi/lib/thumb2\libc.a(lib_a-malloc.o)
 .debug_frame   0x00000000       0x30 c:/program files (x86)/raisonance/ride/arm-gcc/bin/../lib/gcc/arm-none-eabi/4.5.1/../../../../arm-none-eabi/lib/thumb2\libc.a(lib_a-malloc.o)
 .ARM.attributes
                0x00000000       0x29 c:/program files (x86)/raisonance/ride/arm-gcc/bin/../lib/gcc/arm-none-eabi/4.5.1/../../../../arm-none-eabi/lib/thumb2\libc.a(lib_a-mallocr.o)
 .debug_frame   0x00000000       0x3c c:/program files (x86)/raisonance/ride/arm-gcc/bin/../lib/gcc/arm-none-eabi/4.5.1/../../../../arm-none-eabi/lib/thumb2\libc.a(lib_a-mallocr.o)
 .ARM.attributes
                0x00000000       0x29 c:/program files (x86)/raisonance/ride/arm-gcc/bin/../lib/gcc/arm-none-eabi/4.5.1/../../../../arm-none-eabi/lib/thumb2\libc.a(lib_a-mlock.o)
 .debug_frame   0x00000000       0x30 c:/program files (x86)/raisonance/ride/arm-gcc/bin/../lib/gcc/arm-none-eabi/4.5.1/../../../../arm-none-eabi/lib/thumb2\libc.a(lib_a-mlock.o)
 .ARM.attributes
                0x00000000       0x29 c:/program files (x86)/raisonance/ride/arm-gcc/bin/../lib/gcc/arm-none-eabi/4.5.1/../../../../arm-none-eabi/lib/thumb2\libc.a(lib_a-sbrkr.o)
 .debug_frame   0x00000000       0x2c c:/program files (x86)/raisonance/ride/arm-gcc/bin/../lib/gcc/arm-none-eabi/4.5.1/../../../../arm-none-eabi/lib/thumb2\libc.a(lib_a-sbrkr.o)
 .ARM.attributes
                0x00000000       0x29 c:/program files (x86)/raisonance/ride/arm-gcc/bin/../lib/gcc/arm-none-eabi/4.5.1/../../../../arm-none-eabi/lib/thumb2\libc.a(lib_a-freer.o)
 .debug_frame   0x00000000       0x50 c:/program files (x86)/raisonance/ride/arm-gcc/bin/../lib/gcc/arm-none-eabi/4.5.1/../../../../arm-none-eabi/lib/thumb2\libc.a(lib_a-freer.o)
 .ARM.attributes
                0x00000000       0x29 c:/program files (x86)/raisonance/ride/arm-gcc/bin/../lib/gcc/arm-none-eabi/4.5.1/../../../../arm-none-eabi/lib/thumb2\libc.a(lib_a-reent.o)
 .debug_frame   0x00000000       0x64 c:/program files (x86)/raisonance/ride/arm-gcc/bin/../lib/gcc/arm-none-eabi/4.5.1/../../../../arm-none-eabi/lib/thumb2\libc.a(lib_a-reent.o)
 .ARM.attributes
                0x00000000       0x1b c:/program files (x86)/raisonance/ride/arm-gcc/bin/../lib/gcc/arm-none-eabi/4.5.1/thumb2\libgcc.a(_arm_addsubdf3.o)
 .ARM.attributes
                0x00000000       0x1b c:/program files (x86)/raisonance/ride/arm-gcc/bin/../lib/gcc/arm-none-eabi/4.5.1/thumb2\libgcc.a(_arm_muldivdf3.o)
 .ARM.attributes
                0x00000000       0x1b c:/program files (x86)/raisonance/ride/arm-gcc/bin/../lib/gcc/arm-none-eabi/4.5.1/thumb2\libgcc.a(_arm_fixdfsi.o)

Memory Configuration

Name             Origin             Length             Attributes
RAM              0x20000000         0x00004000         xrw
FLASHB1          0x08000000         0x00006000         r
FLASH            0x08006000         0x0005d000         xr
EXTMEMB0         0x00000000         0x00000000         xr
EXTMEMB1         0x00000000         0x00000000         xr
EXTMEMB2         0x00000000         0x00000000         xr
EXTMEMB3         0x00000000         0x00000000         xr
*default*        0x00000000         0xffffffff

Linker script and memory map

LOAD C:\Program Files (x86)\Raisonance\Ride\Lib\ARM\CircleOS\Application_Startup.o
LOAD C:\Users\TOM\Desktop\SpaceInvaders\objdebug\Application.o
START GROUP
LOAD C:\Program Files (x86)\Raisonance\Ride\Lib\ARM\std_sbrk_thumb.lib
LOAD C:\Program Files (x86)\Raisonance\Ride\Lib\ARM\smallprintf_thumb.a
LOAD c:/program files (x86)/raisonance/ride/arm-gcc/bin/../lib/gcc/arm-none-eabi/4.5.1/../../../../arm-none-eabi/lib/thumb2\libc.a
LOAD c:/program files (x86)/raisonance/ride/arm-gcc/bin/../lib/gcc/arm-none-eabi/4.5.1/../../../../arm-none-eabi/lib/thumb2\libm.a
END GROUP
                0x00000400                __Stack_Size = 0x400
                0x00000400                PROVIDE (_Stack_Size, __Stack_Size)
                0x20004c00                __Stack_Init = (_estack - __Stack_Size)
                0x20004c00                PROVIDE (_Stack_Init, __Stack_Init)
                0x00000100                _Minimum_Stack_Size = 0x100
                0x00000000                PROVIDE (Undefined_Handler, 0x0)
                0x00000000                PROVIDE (SWI_Handler, 0x0)
                0x00000000                PROVIDE (IRQ_Handler, 0x0)
                0x00000000                PROVIDE (Prefetch_Handler, 0x0)
                0x00000000                PROVIDE (Abort_Handler, 0x0)
                0x00000000                PROVIDE (FIQ_Handler, 0x0)
                0x00000000                PROVIDE (NMIException, 0x0)
                0x00000000                PROVIDE (HardFaultException, 0x0)
                0x00000000                PROVIDE (MemManageException, 0x0)
                0x00000000                PROVIDE (BusFaultException, 0x0)
                0x00000000                PROVIDE (UsageFaultException, 0x0)
                0x00000000                PROVIDE (SVCHandler, 0x0)
                0x00000000                PROVIDE (DebugMonitor, 0x0)
                0x00000000                PROVIDE (PendSVC, 0x0)
                0x00000000                PROVIDE (SysTickHandler, 0x0)
                0x00000000                PROVIDE (WWDG_IRQHandler, 0x0)
                0x00000000                PROVIDE (PVD_IRQHandler, 0x0)
                0x00000000                PROVIDE (TAMPER_IRQHandler, 0x0)
                0x00000000                PROVIDE (RTC_IRQHandler, 0x0)
                0x00000000                PROVIDE (FLASH_IRQHandler, 0x0)
                0x00000000                PROVIDE (RCC_IRQHandler, 0x0)
                0x00000000                PROVIDE (EXTI0_IRQHandler, 0x0)
                0x00000000                PROVIDE (EXTI1_IRQHandler, 0x0)
                0x00000000                PROVIDE (EXTI2_IRQHandler, 0x0)
                0x00000000                PROVIDE (EXTI3_IRQHandler, 0x0)
                0x00000000                PROVIDE (EXTI4_IRQHandler, 0x0)
                0x00000000                PROVIDE (DMAChannel1_IRQHandler, 0x0)
                0x00000000                PROVIDE (DMAChannel2_IRQHandler, 0x0)
                0x00000000                PROVIDE (DMAChannel3_IRQHandler, 0x0)
                0x00000000                PROVIDE (DMAChannel4_IRQHandler, 0x0)
                0x00000000                PROVIDE (DMAChannel5_IRQHandler, 0x0)
                0x00000000                PROVIDE (DMAChannel6_IRQHandler, 0x0)
                0x00000000                PROVIDE (DMAChannel7_IRQHandler, 0x0)
                0x00000000                PROVIDE (ADC_IRQHandler, 0x0)
                0x00000000                PROVIDE (USB_HP_CAN_TX_IRQHandler, 0x0)
                0x00000000                PROVIDE (USB_LP_CAN_RX0_IRQHandler, 0x0)
                0x00000000                PROVIDE (CAN_RX1_IRQHandler, 0x0)
                0x00000000                PROVIDE (CAN_SCE_IRQHandler, 0x0)
                0x00000000                PROVIDE (EXTI9_5_IRQHandler, 0x0)
                0x00000000                PROVIDE (TIM1_BRK_IRQHandler, 0x0)
                0x00000000                PROVIDE (TIM1_UP_IRQHandler, 0x0)
                0x00000000                PROVIDE (TIM1_TRG_COM_IRQHandler, 0x0)
                0x00000000                PROVIDE (TIM1_CC_IRQHandler, 0x0)
                0x00000000                PROVIDE (TIM2_IRQHandler, 0x0)
                0x00000000                PROVIDE (TIM3_IRQHandler, 0x0)
                0x00000000                PROVIDE (TIM4_IRQHandler, 0x0)
                0x00000000                PROVIDE (I2C1_EV_IRQHandler, 0x0)
                0x00000000                PROVIDE (I2C1_ER_IRQHandler, 0x0)
                0x00000000                PROVIDE (I2C2_EV_IRQHandler, 0x0)
                0x00000000                PROVIDE (I2C2_ER_IRQHandler, 0x0)
                0x00000000                PROVIDE (SPI1_IRQHandler, 0x0)
                0x00000000                PROVIDE (SPI2_IRQHandler, 0x0)
                0x00000000                PROVIDE (USART1_IRQHandler, 0x0)
                0x00000000                PROVIDE (USART2_IRQHandler, 0x0)
                0x00000000                PROVIDE (USART3_IRQHandler, 0x0)
                0x00000000                PROVIDE (EXTI15_10_IRQHandler, 0x0)
                0x00000000                PROVIDE (RTCAlarm_IRQHandler, 0x0)
                0x00000000                PROVIDE (USBWakeUp_IRQHandler, 0x0)
                0x42000000                PERIPH_BB_BASE = 0x42000000
                0x22000000                SRAM_BB_BASE = 0x22000000
                0x20000000                SRAM_BASE = 0x20000000
                0x40000000                PERIPH_BASE = 0x40000000
                0x40022000                PROVIDE (FLASH_BASE, 0x40022000)
                0x1ffff800                PROVIDE (OB_BASE, 0x1ffff800)
                0x40000000                APB1PERIPH_BASE = PERIPH_BASE
                0x40010000                APB2PERIPH_BASE = (PERIPH_BASE + 0x10000)
                0x40020000                AHBPERIPH_BASE = (PERIPH_BASE + 0x20000)
                0x40000000                PROVIDE (TIM2, (APB1PERIPH_BASE + 0x0))
                0x40000400                PROVIDE (TIM3, (APB1PERIPH_BASE + 0x400))
                0x40000800                PROVIDE (TIM4, (APB1PERIPH_BASE + 0x800))
                0x40002800                PROVIDE (RTC, (APB1PERIPH_BASE + 0x2800))
                0x40002c00                PROVIDE (WWDG, (APB1PERIPH_BASE + 0x2c00))
                0x40003000                PROVIDE (IWDG, (APB1PERIPH_BASE + 0x3000))
                0x40003800                PROVIDE (SPI2, (APB1PERIPH_BASE + 0x3800))
                0x40004400                PROVIDE (USART2, (APB1PERIPH_BASE + 0x4400))
                0x40004800                PROVIDE (USART3, (APB1PERIPH_BASE + 0x4800))
                0x40005400                PROVIDE (I2C1, (APB1PERIPH_BASE + 0x5400))
                0x40005800                PROVIDE (I2C2, (APB1PERIPH_BASE + 0x5800))
                0x40006400                PROVIDE (CAN, (APB1PERIPH_BASE + 0x6400))
                0x40006c00                PROVIDE (BKP, (APB1PERIPH_BASE + 0x6c00))
                0x40007000                PROVIDE (PWR, (APB1PERIPH_BASE + 0x7000))
                0x40010000                PROVIDE (AFIO, (APB2PERIPH_BASE + 0x0))
                0x40010400                PROVIDE (EXTI, (APB2PERIPH_BASE + 0x400))
                0x40010800                PROVIDE (GPIOA, (APB2PERIPH_BASE + 0x800))
                0x40010c00                PROVIDE (GPIOB, (APB2PERIPH_BASE + 0xc00))
                0x40011000                PROVIDE (GPIOC, (APB2PERIPH_BASE + 0x1000))
                0x40011400                PROVIDE (GPIOD, (APB2PERIPH_BASE + 0x1400))
                0x40011800                PROVIDE (GPIOE, (APB2PERIPH_BASE + 0x1800))
                0x40012400                PROVIDE (ADC1, (APB2PERIPH_BASE + 0x2400))
                0x40012800                PROVIDE (ADC2, (APB2PERIPH_BASE + 0x2800))
                0x40012c00                PROVIDE (TIM1, (APB2PERIPH_BASE + 0x2c00))
                0x40013000                PROVIDE (SPI1, (APB2PERIPH_BASE + 0x3000))
                0x40013800                PROVIDE (USART1, (APB2PERIPH_BASE + 0x3800))
                0x40020000                PROVIDE (DMA, (AHBPERIPH_BASE + 0x0))
                0x40020008                PROVIDE (DMA_Channel1, (AHBPERIPH_BASE + 0x8))
                0x4002001c                PROVIDE (DMA_Channel2, (AHBPERIPH_BASE + 0x1c))
                0x40020030                PROVIDE (DMA_Channel3, (AHBPERIPH_BASE + 0x30))
                0x40020044                PROVIDE (DMA_Channel4, (AHBPERIPH_BASE + 0x44))
                0x40020058                PROVIDE (DMA_Channel5, (AHBPERIPH_BASE + 0x58))
                0x4002006c                PROVIDE (DMA_Channel6, (AHBPERIPH_BASE + 0x6c))
                0x40020080                PROVIDE (DMA_Channel7, (AHBPERIPH_BASE + 0x80))
                0x40021000                PROVIDE (RCC, (AHBPERIPH_BASE + 0x1000))
                0xe000e000                SCS_BASE = 0xe000e000
                0xe000e010                PROVIDE (SysTick, (SCS_BASE + 0x10))
                0xe000e100                PROVIDE (NVIC, (SCS_BASE + 0x100))
                0xe000ed00                PROVIDE (SCB, (SCS_BASE + 0xd00))
                0x0805cfff                _eflash = 0x805cfff
                0x20005000                _estack = 0x20005000

.isr_vector     0x08006000       0x10
                0x08006000                . = ALIGN (0x4)
 *(.isr_vector)
 .isr_vector    0x08006000       0x10 C:\Program Files (x86)\Raisonance\Ride\Lib\ARM\CircleOS\Application_Startup.o
                0x08006000                ApplicationItem
                0x08006010                . = ALIGN (0x4)

.flashtext      0x08006010        0x0
                0x08006010                . = ALIGN (0x4)
 *(.flashtext)
                0x08006010                . = ALIGN (0x4)

.text           0x08006010    0x13fe8
                0x08006010                . = ALIGN (0x4)
 *(.text)
 .text          0x08006010        0x0 C:\Program Files (x86)\Raisonance\Ride\Lib\ARM\CircleOS\Application_Startup.o
 .text          0x08006010        0x0 C:\Users\TOM\Desktop\SpaceInvaders\objdebug\Application.o
 .text          0x08006010      0x100 c:/program files (x86)/raisonance/ride/arm-gcc/bin/../lib/gcc/arm-none-eabi/4.5.1/../../../../arm-none-eabi/lib/thumb2\libc.a(lib_a-rand.o)
                0x08006010                srand
                0x0800606c                rand
 .text          0x08006110      0x1dc c:/program files (x86)/raisonance/ride/arm-gcc/bin/../lib/gcc/arm-none-eabi/4.5.1/../../../../arm-none-eabi/lib/thumb2\libc.a(lib_a-strcmp.o)
                0x08006110                strcmp
 .text          0x080062ec        0x0 c:/program files (x86)/raisonance/ride/arm-gcc/bin/../lib/gcc/arm-none-eabi/4.5.1/../../../../arm-none-eabi/lib/thumb2\libc.a(lib_a-impure.o)
 .text          0x080062ec       0x20 c:/program files (x86)/raisonance/ride/arm-gcc/bin/../lib/gcc/arm-none-eabi/4.5.1/../../../../arm-none-eabi/lib/thumb2\libc.a(lib_a-malloc.o)
                0x080062ec                malloc
                0x080062fc                free
 .text          0x0800630c      0x57c c:/program files (x86)/raisonance/ride/arm-gcc/bin/../lib/gcc/arm-none-eabi/4.5.1/../../../../arm-none-eabi/lib/thumb2\libc.a(lib_a-mallocr.o)
                0x0800630c                _malloc_r
 .text          0x08006888        0x8 c:/program files (x86)/raisonance/ride/arm-gcc/bin/../lib/gcc/arm-none-eabi/4.5.1/../../../../arm-none-eabi/lib/thumb2\libc.a(lib_a-mlock.o)
                0x08006888                __malloc_lock
                0x0800688c                __malloc_unlock
 .text          0x08006890       0x28 c:/program files (x86)/raisonance/ride/arm-gcc/bin/../lib/gcc/arm-none-eabi/4.5.1/../../../../arm-none-eabi/lib/thumb2\libc.a(lib_a-sbrkr.o)
                0x08006890                _sbrk_r
 .text          0x080068b8      0x240 c:/program files (x86)/raisonance/ride/arm-gcc/bin/../lib/gcc/arm-none-eabi/4.5.1/../../../../arm-none-eabi/lib/thumb2\libc.a(lib_a-freer.o)
                0x080068b8                _malloc_trim_r
                0x08006960                _free_r
 .text          0x08006af8      0x114 c:/program files (x86)/raisonance/ride/arm-gcc/bin/../lib/gcc/arm-none-eabi/4.5.1/../../../../arm-none-eabi/lib/thumb2\libc.a(lib_a-reent.o)
                0x08006af8                cleanup_glue
                0x08006b14                _reclaim_reent
                0x08006bd4                _wrapup_reent
 .text          0x08006c0c        0x0 C:\Program Files (x86)\Raisonance\Ride\Lib\ARM\std_sbrk_thumb.lib(sbrk.o)
 .text          0x08006c0c      0x370 c:/program files (x86)/raisonance/ride/arm-gcc/bin/../lib/gcc/arm-none-eabi/4.5.1/thumb2\libgcc.a(_arm_addsubdf3.o)
                0x08006c0c                __aeabi_drsub
                0x08006c14                __aeabi_dsub
                0x08006c14                __subdf3
                0x08006c18                __aeabi_dadd
                0x08006c18                __adddf3
                0x08006e90                __floatunsidf
                0x08006e90                __aeabi_ui2d
                0x08006eb0                __floatsidf
                0x08006eb0                __aeabi_i2d
                0x08006ed4                __aeabi_f2d
                0x08006ed4                __extendsfdf2
                0x08006f10                __floatundidf
                0x08006f10                __aeabi_ul2d
                0x08006f20                __floatdidf
                0x08006f20                __aeabi_l2d
 .text          0x08006f7c      0x424 c:/program files (x86)/raisonance/ride/arm-gcc/bin/../lib/gcc/arm-none-eabi/4.5.1/thumb2\libgcc.a(_arm_muldivdf3.o)
                0x08006f7c                __aeabi_dmul
                0x08006f7c                __muldf3
                0x080071d0                __divdf3
                0x080071d0                __aeabi_ddiv
 .text          0x080073a0       0x50 c:/program files (x86)/raisonance/ride/arm-gcc/bin/../lib/gcc/arm-none-eabi/4.5.1/thumb2\libgcc.a(_arm_fixdfsi.o)
                0x080073a0                __aeabi_d2iz
                0x080073a0                __fixdfsi
 *(.text.*)
 .text.Application_Entry
                0x080073f0       0x50 C:\Program Files (x86)\Raisonance\Ride\Lib\ARM\CircleOS\Application_Startup.o
 .text.Application_Ini
                0x08007440      0x160 C:\Users\TOM\Desktop\SpaceInvaders\objdebug\Application.o
                0x08007440                Application_Ini
 .text.Application_Handler
                0x080075a0      0x3c0 C:\Users\TOM\Desktop\SpaceInvaders\objdebug\Application.o
                0x080075a0                Application_Handler
 .text.splash_scrn
                0x08007960       0x68 C:\Users\TOM\Desktop\SpaceInvaders\objdebug\Application.o
                0x08007960                splash_scrn
 .text.alien_shoot_speed
                0x080079c8       0x70 C:\Users\TOM\Desktop\SpaceInvaders\objdebug\Application.o
                0x080079c8                alien_shoot_speed
 .text.alien_translate_speed
                0x08007a38       0x6c C:\Users\TOM\Desktop\SpaceInvaders\objdebug\Application.o
                0x08007a38                alien_translate_speed
 .text.update_score_lives
                0x08007aa4      0x1b8 C:\Users\TOM\Desktop\SpaceInvaders\objdebug\Application.o
                0x08007aa4                update_score_lives
 .text.show_score
                0x08007c5c       0xa4 C:\Users\TOM\Desktop\SpaceInvaders\objdebug\Application.o
                0x08007c5c                show_score
 .text.show_lives
                0x08007d00      0x100 C:\Users\TOM\Desktop\SpaceInvaders\objdebug\Application.o
                0x08007d00                show_lives
 .text.check_quit
                0x08007e00       0x48 C:\Users\TOM\Desktop\SpaceInvaders\objdebug\Application.o
                0x08007e00                check_quit
 .text.reset_alien_bullet
                0x08007e48       0x98 C:\Users\TOM\Desktop\SpaceInvaders\objdebug\Application.o
                0x08007e48                reset_alien_bullet
 .text.update_alien_bullet
                0x08007ee0       0x38 C:\Users\TOM\Desktop\SpaceInvaders\objdebug\Application.o
                0x08007ee0                update_alien_bullet
 .text.random_alien_attack
                0x08007f18      0x1bc C:\Users\TOM\Desktop\SpaceInvaders\objdebug\Application.o
                0x08007f18                random_alien_attack
 .text.alien_fire_draw
                0x080080d4       0xc4 C:\Users\TOM\Desktop\SpaceInvaders\objdebug\Application.o
                0x080080d4                alien_fire_draw
 .text.check_speed
                0x08008198       0x6c C:\Users\TOM\Desktop\SpaceInvaders\objdebug\Application.o
                0x08008198                check_speed
 .text.check_all_aliens_killed
                0x08008204      0x134 C:\Users\TOM\Desktop\SpaceInvaders\objdebug\Application.o
                0x08008204                check_all_aliens_killed
 .text.reset_alien_array
                0x08008338       0xb8 C:\Users\TOM\Desktop\SpaceInvaders\objdebug\Application.o
                0x08008338                reset_alien_array
 .text.game_over
                0x080083f0       0xdc C:\Users\TOM\Desktop\SpaceInvaders\objdebug\Application.o
                0x080083f0                game_over
 .text.check_dead_columns_left
                0x080084cc       0xfc C:\Users\TOM\Desktop\SpaceInvaders\objdebug\Application.o
                0x080084cc                check_dead_columns_left
 .text.check_dead_columns_right
                0x080085c8       0xfc C:\Users\TOM\Desktop\SpaceInvaders\objdebug\Application.o
                0x080085c8                check_dead_columns_right
 .text.check_rows
                0x080086c4      0x108 C:\Users\TOM\Desktop\SpaceInvaders\objdebug\Application.o
                0x080086c4                check_rows
 .text.alien_translate
                0x080087cc      0x25c C:\Users\TOM\Desktop\SpaceInvaders\objdebug\Application.o
                0x080087cc                alien_translate
 .text.reposition_aliens
                0x08008a28       0x54 C:\Users\TOM\Desktop\SpaceInvaders\objdebug\Application.o
                0x08008a28                reposition_aliens
 .text.check_alien_bullet_man_collision
                0x08008a7c       0xc4 C:\Users\TOM\Desktop\SpaceInvaders\objdebug\Application.o
                0x08008a7c                check_alien_bullet_man_collision
 .text.check_barrier_collision
                0x08008b40      0x10c C:\Users\TOM\Desktop\SpaceInvaders\objdebug\Application.o
                0x08008b40                check_barrier_collision
 .text.check_alien_bullet_barrier_collision
                0x08008c4c       0xf4 C:\Users\TOM\Desktop\SpaceInvaders\objdebug\Application.o
                0x08008c4c                check_alien_bullet_barrier_collision
 .text.check_destroy
                0x08008d40      0x240 C:\Users\TOM\Desktop\SpaceInvaders\objdebug\Application.o
                0x08008d40                check_destroy
 .text.reset_bullet
                0x08008f80       0x98 C:\Users\TOM\Desktop\SpaceInvaders\objdebug\Application.o
                0x08008f80                reset_bullet
 .text.compare_distance
                0x08009018      0x190 C:\Users\TOM\Desktop\SpaceInvaders\objdebug\Application.o
                0x08009018                compare_distance
 .text.alien_die
                0x080091a8       0xc0 C:\Users\TOM\Desktop\SpaceInvaders\objdebug\Application.o
                0x080091a8                alien_die
 .text.fire     0x08009268       0x88 C:\Users\TOM\Desktop\SpaceInvaders\objdebug\Application.o
                0x08009268                fire
 .text.update_bullet
                0x080092f0       0xe8 C:\Users\TOM\Desktop\SpaceInvaders\objdebug\Application.o
                0x080092f0                update_bullet
 .text.alien_display
                0x080093d8      0x138 C:\Users\TOM\Desktop\SpaceInvaders\objdebug\Application.o
                0x080093d8                alien_display
 .text.draw_alien
                0x08009510      0x100 C:\Users\TOM\Desktop\SpaceInvaders\objdebug\Application.o
                0x08009510                draw_alien
 .text.draw_barrier
                0x08009610       0xac C:\Users\TOM\Desktop\SpaceInvaders\objdebug\Application.o
                0x08009610                draw_barrier
 .text.update_man
                0x080096bc       0x38 C:\Users\TOM\Desktop\SpaceInvaders\objdebug\Application.o
                0x080096bc                update_man
 .text.man_move_right
                0x080096f4       0x28 C:\Users\TOM\Desktop\SpaceInvaders\objdebug\Application.o
                0x080096f4                man_move_right
 .text.man_move_left
                0x0800971c       0x28 C:\Users\TOM\Desktop\SpaceInvaders\objdebug\Application.o
                0x0800971c                man_move_left
 .text.draw_man
                0x08009744       0x94 C:\Users\TOM\Desktop\SpaceInvaders\objdebug\Application.o
                0x08009744                draw_man
 .text.lim_check_right
                0x080097d8       0x38 C:\Users\TOM\Desktop\SpaceInvaders\objdebug\Application.o
                0x080097d8                lim_check_right
 .text.lim_check_left
                0x08009810       0x3c C:\Users\TOM\Desktop\SpaceInvaders\objdebug\Application.o
                0x08009810                lim_check_left
 .text.MsgVersion
                0x0800984c      0x13c C:\Users\TOM\Desktop\SpaceInvaders\objdebug\Application.o
 .text._sbrk    0x08009988       0x30 C:\Program Files (x86)\Raisonance\Ride\Lib\ARM\std_sbrk_thumb.lib(sbrk.o)
                0x08009988                _sbrk
 *(.rodata)
 .rodata        0x080099b8    0x10638 C:\Users\TOM\Desktop\SpaceInvaders\objdebug\Application.o
                0x080099b8                Application_Name
 .rodata        0x08019ff0        0x4 c:/program files (x86)/raisonance/ride/arm-gcc/bin/../lib/gcc/arm-none-eabi/4.5.1/../../../../arm-none-eabi/lib/thumb2\libc.a(lib_a-impure.o)
                0x08019ff0                _global_impure_ptr
 *(.rodata*)
 .rodata.str1.4
                0x08019ff4        0x4 c:/program files (x86)/raisonance/ride/arm-gcc/bin/../lib/gcc/arm-none-eabi/4.5.1/../../../../arm-none-eabi/lib/thumb2\libc.a(lib_a-impure.o)
 *(.glue_7)
 .glue_7        0x00000000        0x0 linker stubs
 *(.glue_7t)
 .glue_7t       0x00000000        0x0 linker stubs
                0x08019ff8                . = ALIGN (0x4)
                0x08019ff8                _etext = .
                0x08019ff8                _sidata = _etext

.vfp11_veneer   0x08019ff8        0x0
 .vfp11_veneer  0x00000000        0x0 linker stubs

.v4_bx          0x08019ff8        0x0
 .v4_bx         0x00000000        0x0 linker stubs

.data           0x20000000      0x5a4 load address 0x08019ff8
                0x20000000                . = ALIGN (0x4)
                0x20000000                _sdata = .
 *(.data)
 .data          0x20000000        0x0 C:\Program Files (x86)\Raisonance\Ride\Lib\ARM\CircleOS\Application_Startup.o
 .data          0x20000000       0xa0 C:\Users\TOM\Desktop\SpaceInvaders\objdebug\Application.o
                0x20000000                y
                0x20000004                x
                0x20000008                alien_array
                0x20000098                alien_fire_point_x
                0x2000009a                direction
                0x2000009c                lives
                0x2000009e                game_duration
 .data          0x200000a0        0x0 c:/program files (x86)/raisonance/ride/arm-gcc/bin/../lib/gcc/arm-none-eabi/4.5.1/../../../../arm-none-eabi/lib/thumb2\libc.a(lib_a-rand.o)
 .data          0x200000a0        0x0 c:/program files (x86)/raisonance/ride/arm-gcc/bin/../lib/gcc/arm-none-eabi/4.5.1/../../../../arm-none-eabi/lib/thumb2\libc.a(lib_a-strcmp.o)
 .data          0x200000a0       0xf4 c:/program files (x86)/raisonance/ride/arm-gcc/bin/../lib/gcc/arm-none-eabi/4.5.1/../../../../arm-none-eabi/lib/thumb2\libc.a(lib_a-impure.o)
                0x200000a0                _impure_ptr
 .data          0x20000194        0x0 c:/program files (x86)/raisonance/ride/arm-gcc/bin/../lib/gcc/arm-none-eabi/4.5.1/../../../../arm-none-eabi/lib/thumb2\libc.a(lib_a-malloc.o)
 .data          0x20000194      0x410 c:/program files (x86)/raisonance/ride/arm-gcc/bin/../lib/gcc/arm-none-eabi/4.5.1/../../../../arm-none-eabi/lib/thumb2\libc.a(lib_a-mallocr.o)
                0x20000194                __malloc_av_
                0x2000059c                __malloc_sbrk_base
                0x200005a0                __malloc_trim_threshold
 .data          0x200005a4        0x0 c:/program files (x86)/raisonance/ride/arm-gcc/bin/../lib/gcc/arm-none-eabi/4.5.1/../../../../arm-none-eabi/lib/thumb2\libc.a(lib_a-mlock.o)
 .data          0x200005a4        0x0 c:/program files (x86)/raisonance/ride/arm-gcc/bin/../lib/gcc/arm-none-eabi/4.5.1/../../../../arm-none-eabi/lib/thumb2\libc.a(lib_a-sbrkr.o)
 .data          0x200005a4        0x0 c:/program files (x86)/raisonance/ride/arm-gcc/bin/../lib/gcc/arm-none-eabi/4.5.1/../../../../arm-none-eabi/lib/thumb2\libc.a(lib_a-freer.o)
 .data          0x200005a4        0x0 c:/program files (x86)/raisonance/ride/arm-gcc/bin/../lib/gcc/arm-none-eabi/4.5.1/../../../../arm-none-eabi/lib/thumb2\libc.a(lib_a-reent.o)
 .data          0x200005a4        0x0 C:\Program Files (x86)\Raisonance\Ride\Lib\ARM\std_sbrk_thumb.lib(sbrk.o)
 .data          0x200005a4        0x0 c:/program files (x86)/raisonance/ride/arm-gcc/bin/../lib/gcc/arm-none-eabi/4.5.1/thumb2\libgcc.a(_arm_addsubdf3.o)
 .data          0x200005a4        0x0 c:/program files (x86)/raisonance/ride/arm-gcc/bin/../lib/gcc/arm-none-eabi/4.5.1/thumb2\libgcc.a(_arm_muldivdf3.o)
 .data          0x200005a4        0x0 c:/program files (x86)/raisonance/ride/arm-gcc/bin/../lib/gcc/arm-none-eabi/4.5.1/thumb2\libgcc.a(_arm_fixdfsi.o)
 *(.data.*)
                0x200005a4                . = ALIGN (0x4)
                0x200005a4                _edata = .
                0x00000000                toobig = (((_sidata + _edata) - _sdata) > _eflash)?!!!!!!!!! FLASH IS FULL !!!!!!!!!:0x0

.bss            0x200005a4       0xac load address 0x0801a59c
                0x200005a4                . = ALIGN (0x4)
                0x200005a4                _sbss = .
 *(.bss)
 .bss           0x200005a4        0x0 C:\Program Files (x86)\Raisonance\Ride\Lib\ARM\CircleOS\Application_Startup.o
 .bss           0x200005a4       0x54 C:\Users\TOM\Desktop\SpaceInvaders\objdebug\Application.o
                0x200005a4                alien_col
                0x200005a8                alien_row
                0x200005ac                alien_x
                0x200005b0                alien_y
                0x200005b4                tot_x
                0x200005b6                tot_y
                0x200005b8                alien_translation_x
                0x200005ba                alien_translation_y
                0x200005bc                barrier_col
                0x200005be                tot_barrier_x
                0x200005c0                tot_barrier_y
                0x200005c2                bullet_translation
                0x200005c4                bullet_init_x
                0x200005c6                bullet_init_y
                0x200005c8                bullet_active
                0x200005ca                alien_fire_point_y
                0x200005cc                alien_bullet_translation
                0x200005ce                alien_bullet_active
                0x200005d0                alien_fire_col
                0x200005d2                alien_fire_row
                0x200005d4                enable_fire
                0x200005d6                alive_count
                0x200005d8                end
                0x200005dc                score
                0x200005e0                dead_right_count
                0x200005e4                dead_left_count
                0x200005e8                dead_row_count
                0x200005ec                result_right
                0x200005f0                result_left
 .bss           0x200005f8        0x0 c:/program files (x86)/raisonance/ride/arm-gcc/bin/../lib/gcc/arm-none-eabi/4.5.1/../../../../arm-none-eabi/lib/thumb2\libc.a(lib_a-rand.o)
 .bss           0x200005f8        0x0 c:/program files (x86)/raisonance/ride/arm-gcc/bin/../lib/gcc/arm-none-eabi/4.5.1/../../../../arm-none-eabi/lib/thumb2\libc.a(lib_a-strcmp.o)
 .bss           0x200005f8        0x0 c:/program files (x86)/raisonance/ride/arm-gcc/bin/../lib/gcc/arm-none-eabi/4.5.1/../../../../arm-none-eabi/lib/thumb2\libc.a(lib_a-impure.o)
 .bss           0x200005f8        0x0 c:/program files (x86)/raisonance/ride/arm-gcc/bin/../lib/gcc/arm-none-eabi/4.5.1/../../../../arm-none-eabi/lib/thumb2\libc.a(lib_a-malloc.o)
 .bss           0x200005f8       0x34 c:/program files (x86)/raisonance/ride/arm-gcc/bin/../lib/gcc/arm-none-eabi/4.5.1/../../../../arm-none-eabi/lib/thumb2\libc.a(lib_a-mallocr.o)
                0x200005f8                __malloc_top_pad
                0x200005fc                __malloc_current_mallinfo
                0x20000624                __malloc_max_sbrked_mem
                0x20000628                __malloc_max_total_mem
 .bss           0x2000062c        0x0 c:/program files (x86)/raisonance/ride/arm-gcc/bin/../lib/gcc/arm-none-eabi/4.5.1/../../../../arm-none-eabi/lib/thumb2\libc.a(lib_a-mlock.o)
 .bss           0x2000062c        0x0 c:/program files (x86)/raisonance/ride/arm-gcc/bin/../lib/gcc/arm-none-eabi/4.5.1/../../../../arm-none-eabi/lib/thumb2\libc.a(lib_a-sbrkr.o)
 .bss           0x2000062c        0x0 c:/program files (x86)/raisonance/ride/arm-gcc/bin/../lib/gcc/arm-none-eabi/4.5.1/../../../../arm-none-eabi/lib/thumb2\libc.a(lib_a-freer.o)
 .bss           0x2000062c        0x0 c:/program files (x86)/raisonance/ride/arm-gcc/bin/../lib/gcc/arm-none-eabi/4.5.1/../../../../arm-none-eabi/lib/thumb2\libc.a(lib_a-reent.o)
 .bss           0x2000062c        0x4 C:\Program Files (x86)\Raisonance\Ride\Lib\ARM\std_sbrk_thumb.lib(sbrk.o)
 .bss           0x20000630        0x0 c:/program files (x86)/raisonance/ride/arm-gcc/bin/../lib/gcc/arm-none-eabi/4.5.1/thumb2\libgcc.a(_arm_addsubdf3.o)
 .bss           0x20000630        0x0 c:/program files (x86)/raisonance/ride/arm-gcc/bin/../lib/gcc/arm-none-eabi/4.5.1/thumb2\libgcc.a(_arm_muldivdf3.o)
 .bss           0x20000630        0x0 c:/program files (x86)/raisonance/ride/arm-gcc/bin/../lib/gcc/arm-none-eabi/4.5.1/thumb2\libgcc.a(_arm_fixdfsi.o)
 *(COMMON)
 COMMON         0x20000630        0x4 C:\Program Files (x86)\Raisonance\Ride\Lib\ARM\CircleOS\Application_Startup.o
                0x20000630                ptrCircle_API
 COMMON         0x20000634       0x18 C:\Users\TOM\Desktop\SpaceInvaders\objdebug\Application.o
                0x20000634                Initial_MEMS_X
                0x20000636                state
                0x20000638                score_str
                0x2000063c                centre_coord_bullet_x
                0x2000063e                centre_coord_alien_x
                0x20000640                man_speed
                0x20000644                score_str2
                0x20000648                centre_coord_bullet_y
                0x2000064a                centre_coord_alien_y
 COMMON         0x2000064c        0x4 c:/program files (x86)/raisonance/ride/arm-gcc/bin/../lib/gcc/arm-none-eabi/4.5.1/../../../../arm-none-eabi/lib/thumb2\libc.a(lib_a-reent.o)
                0x2000064c                errno
                0x20000650                . = ALIGN (0x4)
                0x20000650                _ebss = .
                0x20000650                PROVIDE (end, _ebss)
                0x20000650                PROVIDE (_end, _ebss)

._usrstack      0x20000650      0x100 load address 0x0801a648
                0x20000650                . = ALIGN (0x4)
                0x20000650                _susrstack = .
                0x20000750                . = (. + _Minimum_Stack_Size)
 *fill*         0x20000650      0x100 00
                0x20000750                . = ALIGN (0x4)
                0x20000750                _eusrstack = .

.b1text         0x08000000        0x4
 FILL mask 0xffffffff
 *(.b1text)
 .b1text        0x08000000        0x4 C:\Program Files (x86)\Raisonance\Ride\Lib\ARM\CircleOS\Application_Startup.o
                0x08000000                dummy
 */()

.eb0text
 *(.eb0text)
 *(.eb0rodata)
 *(.eb0rodata*)

.eb1text
 *(.eb1text)
 *(.eb1rodata)
 *(.eb1rodata*)

.eb2text
 *(.eb2text)
 *(.eb2rodata)
 *(.eb2rodata*)

.eb3text
 *(.eb3text)
 *(.eb3rodata)
 *(.eb3rodata*)

/DISCARD/
 libc.a(*)
 libm.a(*)
 libgcc.a(*)

.stab
 *(.stab)

.stabstr
 *(.stabstr)

.stab.excl
 *(.stab.excl)

.stab.exclstr
 *(.stab.exclstr)

.stab.index
 *(.stab.index)

.stab.indexstr
 *(.stab.indexstr)

.ARM.attributes
                0x00000000       0x31
 .ARM.attributes
                0x00000000       0x31 C:\Program Files (x86)\Raisonance\Ride\Lib\ARM\CircleOS\Application_Startup.o
 .ARM.attributes
                0x00000031       0x31 C:\Users\TOM\Desktop\SpaceInvaders\objdebug\Application.o
 .ARM.attributes
                0x00000062       0x2e C:\Program Files (x86)\Raisonance\Ride\Lib\ARM\std_sbrk_thumb.lib(sbrk.o)

.comment        0x00000000       0x8b
 *(.comment)
 .comment       0x00000000       0x37 C:\Program Files (x86)\Raisonance\Ride\Lib\ARM\CircleOS\Application_Startup.o
 .comment       0x00000037       0x2a C:\Users\TOM\Desktop\SpaceInvaders\objdebug\Application.o
                                 0x2b (size before relaxing)
 .comment       0x00000061       0x2a C:\Program Files (x86)\Raisonance\Ride\Lib\ARM\std_sbrk_thumb.lib(sbrk.o)

.debug
 *(.debug)

.line
 *(.line)

.debug_srcinfo
 *(.debug_srcinfo)

.debug_sfnames
 *(.debug_sfnames)

.debug_aranges  0x00000000      0x160
 *(.debug_aranges)
 .debug_aranges
                0x00000000      0x160 C:\Users\TOM\Desktop\SpaceInvaders\objdebug\Application.o

.debug_pubnames
                0x00000000      0x65e
 *(.debug_pubnames)
 .debug_pubnames
                0x00000000      0x65e C:\Users\TOM\Desktop\SpaceInvaders\objdebug\Application.o

.debug_info     0x00000000     0x1584
 *(.debug_info .gnu.linkonce.wi.*)
 .debug_info    0x00000000     0x1584 C:\Users\TOM\Desktop\SpaceInvaders\objdebug\Application.o

.debug_abbrev   0x00000000      0x272
 *(.debug_abbrev)
 .debug_abbrev  0x00000000      0x272 C:\Users\TOM\Desktop\SpaceInvaders\objdebug\Application.o

.debug_line     0x00000000      0x6ce
 *(.debug_line)
 .debug_line    0x00000000      0x6ce C:\Users\TOM\Desktop\SpaceInvaders\objdebug\Application.o

.debug_frame    0x00000000      0x4dc
 *(.debug_frame)
 .debug_frame   0x00000000      0x4dc C:\Users\TOM\Desktop\SpaceInvaders\objdebug\Application.o

.debug_str      0x00000000      0x8ac
 *(.debug_str)
 .debug_str     0x00000000      0x8ac C:\Users\TOM\Desktop\SpaceInvaders\objdebug\Application.o
                                0x968 (size before relaxing)

.debug_loc      0x00000000      0x844
 *(.debug_loc)
 .debug_loc     0x00000000      0x844 C:\Users\TOM\Desktop\SpaceInvaders\objdebug\Application.o

.debug_macinfo
 *(.debug_macinfo)

.debug_weaknames
 *(.debug_weaknames)

.debug_funcnames
 *(.debug_funcnames)

.debug_typenames
 *(.debug_typenames)

.debug_varnames
 *(.debug_varnames)
START GROUP
LOAD c:/program files (x86)/raisonance/ride/arm-gcc/bin/../lib/gcc/arm-none-eabi/4.5.1/thumb2\libgcc.a
LOAD c:/program files (x86)/raisonance/ride/arm-gcc/bin/../lib/gcc/arm-none-eabi/4.5.1/../../../../arm-none-eabi/lib/thumb2\libc.a
END GROUP
OUTPUT(C:\Users\TOM\Desktop\SpaceInvaders\objdebug\Space Invaders.elf elf32-littlearm)

.debug_pubtypes
                0x00000000      0x142
 .debug_pubtypes
                0x00000000      0x142 C:\Users\TOM\Desktop\SpaceInvaders\objdebug\Application.o

.debug_ranges   0x00000000      0x150
 .debug_ranges  0x00000000      0x150 C:\Users\TOM\Desktop\SpaceInvaders\objdebug\Application.o
